05-31 19:49:53.102: W/ActivityThread(24679): Application com.zhai.rdp.client is waiting for the debugger on port 8100...
05-31 19:49:53.117: I/System.out(24679): Sending WAIT chunk
05-31 19:49:53.367: I/dalvikvm(24679): Debugger is active
05-31 19:49:53.524: I/System.out(24679): Debugger has connected
05-31 19:49:53.524: I/System.out(24679): waiting for debugger to settle...
05-31 19:49:53.719: I/System.out(24679): waiting for debugger to settle...
05-31 19:49:53.922: I/System.out(24679): waiting for debugger to settle...
05-31 19:49:54.125: I/System.out(24679): waiting for debugger to settle...
05-31 19:49:54.321: I/System.out(24679): waiting for debugger to settle...
05-31 19:49:54.524: I/System.out(24679): waiting for debugger to settle...
05-31 19:49:54.727: I/System.out(24679): waiting for debugger to settle...
05-31 19:49:54.922: I/System.out(24679): waiting for debugger to settle...
05-31 19:49:55.125: I/System.out(24679): waiting for debugger to settle...
05-31 19:49:55.328: I/System.out(24679): waiting for debugger to settle...
05-31 19:49:55.524: I/System.out(24679): waiting for debugger to settle...
05-31 19:49:55.727: I/System.out(24679): waiting for debugger to settle...
05-31 19:49:55.930: I/System.out(24679): waiting for debugger to settle...
05-31 19:49:56.125: I/System.out(24679): debugger has settled (1378)
05-31 19:49:56.297: D/dalvikvm(24679): GC_EXTERNAL_ALLOC freed 59K, 49% free 2752K/5379K, external 1547K/1559K, paused 27ms
05-31 19:49:56.406: D/dalvikvm(24679): GC_EXTERNAL_ALLOC freed 11K, 49% free 2771K/5379K, external 1799K/2071K, paused 26ms
05-31 19:49:56.649: W/IInputConnectionWrapper(24679): showStatusIcon on inactive InputConnection
05-31 19:49:56.649: W/IInputConnectionWrapper(24679): getTextBeforeCursor on inactive InputConnection
05-31 19:49:56.672: W/IInputConnectionWrapper(24679): getTextAfterCursor on inactive InputConnection
05-31 19:49:56.719: D/dalvikvm(24679): GC_EXPLICIT freed 13K, 49% free 2796K/5379K, external 2001K/2504K, paused 31ms
05-31 19:50:24.805: W/KeyCharacterMap(24679): No keyboard for id 0
05-31 19:50:24.805: W/KeyCharacterMap(24679): Using default keymap: /system/usr/keychars/qwerty.kcm.bin
05-31 19:50:26.766: D/dalvikvm(24679): GC_EXTERNAL_ALLOC freed 23K, 48% free 2848K/5379K, external 2297K/2504K, paused 27ms
05-31 19:50:58.938: W/KeyCharacterMap(24679): No keyboard for id 0
05-31 19:50:58.938: W/KeyCharacterMap(24679): Using default keymap: /system/usr/keychars/qwerty.kcm.bin
05-31 19:51:10.250: D/dalvikvm(24679): GC_EXPLICIT freed 108K, 47% free 2927K/5511K, external 2490K/3109K, paused 98ms
05-31 19:51:12.110: E/Activity_Desktop(24679): onCreate
05-31 19:51:12.258: E/Activity_Desktop(24679): Options.display_width600x1024
05-31 19:51:12.492: I/Activity_Desktop(24679): Operating System is Linux version 2.6.35.7
05-31 19:51:12.500: I/Activity_Desktop(24679): looking for: /keymaps/en-gb
05-31 19:51:12.508: I/Activity_Desktop(24679): Loading keymap from filename
05-31 19:51:12.508: I/Activity_Desktop(24679): Registering keyboard...
05-31 19:51:12.508: I/Activity_Desktop(24679): Loading keymap from InputStream
05-31 19:51:13.360: I/Activity_Desktop(24679): Registering keyboard...
05-31 19:51:13.360: I/Activity_Desktop(24679): keep_running = true
05-31 19:51:13.360: D/Activity_Desktop(24679): Initialising RDP layer...
05-31 19:51:13.422: D/dalvikvm(24679): GC_FOR_MALLOC freed 250K, 47% free 3112K/5831K, external 2617K/3109K, paused 32ms
05-31 19:51:13.438: I/dalvikvm-heap(24679): Grow heap (frag case) to 11.490MB for 3686416-byte allocation
05-31 19:51:13.500: D/dalvikvm(24679): GC_CONCURRENT freed 2K, 30% free 6709K/9479K, external 2617K/3109K, paused 3ms+2ms
05-31 19:51:13.500: I/Activity_Desktop(24679): Registering drawing surface...
05-31 19:51:13.500: D/Activity_Desktop(24679): Registering comms layer...
05-31 19:51:13.516: I/ISO(24679): Rdp-Host=/192.168.0.132 port=3389
05-31 19:51:18.821: I/Activity_Desktop(24679): Connection successful
05-31 19:51:18.922: E/Rdp(24679): processGeneralCaps
05-31 19:51:19.164: D/dalvikvm(24679): GC_EXTERNAL_ALLOC freed 37K, 30% free 6727K/9479K, external 2614K/3109K, paused 36ms
05-31 19:51:19.328: D/dalvikvm(24679): GC_FOR_MALLOC freed 16K, 30% free 6722K/9479K, external 3813K/4757K, paused 26ms
05-31 19:51:19.344: I/dalvikvm-heap(24679): Grow heap (frag case) to 15.012MB for 2457616-byte allocation
05-31 19:51:19.414: D/dalvikvm(24679): GC_FOR_MALLOC freed 0K, 24% free 9122K/11911K, external 3813K/4757K, paused 29ms
05-31 19:51:19.539: D/dalvikvm(24679): GC_CONCURRENT freed <1K, 24% free 9122K/11911K, external 3813K/4757K, paused 3ms+3ms
05-31 19:51:20.297: D/dalvikvm(24679): GC_FOR_MALLOC freed <1K, 24% free 9122K/11911K, external 3813K/4757K, paused 24ms
05-31 19:51:20.321: I/dalvikvm-heap(24679): Grow heap (frag case) to 17.356MB for 2457616-byte allocation
05-31 19:51:20.375: D/dalvikvm(24679): GC_FOR_MALLOC freed 2400K, 37% free 9122K/14343K, external 3813K/4757K, paused 26ms
05-31 19:51:20.500: D/dalvikvm(24679): GC_CONCURRENT freed 0K, 37% free 9122K/14343K, external 3813K/4757K, paused 3ms+3ms
05-31 19:51:21.555: D/dalvikvm(24679): GC_FOR_MALLOC freed 2407K, 54% free 6720K/14343K, external 3813K/4757K, paused 34ms
05-31 19:51:21.571: I/dalvikvm-heap(24679): Grow heap (frag case) to 15.010MB for 2457616-byte allocation
05-31 19:51:21.680: D/dalvikvm(24679): GC_CONCURRENT freed <1K, 37% free 9120K/14343K, external 3813K/4757K, paused 2ms+4ms
